#-----------------------------------------------------------
# Vivado v2025.2 (64-bit)
# SW Build 6299465 on Fri Nov 14 19:35:11 GMT 2025
# IP Build 6300035 on Fri Nov 14 10:48:45 MST 2025
# SharedData Build 6298862 on Thu Nov 13 04:50:51 MST 2025
# Start of session at: Wed Apr 22 15:15:58 2026
# Process ID         : 17456
# Current directory  : C:/Users/NoBobi/WAVE-FORM/WAVE-FORM.runs/impl_1
# Command line       : vivado.exe -log top.vdi -applog -product Vivado -messageDb vivado.pb -mode batch -source top.tcl -notrace
# Log file           : C:/Users/NoBobi/WAVE-FORM/WAVE-FORM.runs/impl_1/top.vdi
# Journal file       : C:/Users/NoBobi/WAVE-FORM/WAVE-FORM.runs/impl_1\vivado.jou
# Running On         : DESKTOP-130UVIG
# Platform           : Windows Server 2016 or Windows 10
# Operating System   : 26200
# Processor Detail   : AMD Ryzen AI 5 340 w/ Radeon 840M              
# CPU Frequency      : 1996 MHz
# CPU Physical cores : 6
# CPU Logical cores  : 12
# Host memory        : 16418 MB
# Swap memory        : 27917 MB
# Total Virtual      : 44336 MB
# Available Virtual  : 23803 MB
#-----------------------------------------------------------
source top.tcl -notrace
